// Jest Snapshot v1, https://goo.gl/fbAQLP

exports[`message when property not found 1`] = `
"[31m\\"Property 'background-color' not found in style rules\\"[39m

Expected
  [32m\\"background-color: black\\"[39m
Received:
  [31m\\"background-color: undefined\\"[39m"
`;

exports[`message when rules not found 1`] = `"No style rules found on passed Component"`;

exports[`message when rules not found using options 1`] = `
"No style rules found on passed Component using options:
{\\"media\\":\\"(max-width:640px)\\",\\"modifier\\":\\":hover\\"}"
`;

exports[`message when value does not match 1`] = `
"[31m\\"Value mismatch for property 'background'\\"[39m

Expected
  [32m\\"background: red\\"[39m
Received:
  [31m\\"background: orange\\"[39m"
`;
